../Core/Src/ex2.c:8:6:red_on	8	static
../Core/Src/ex2.c:9:6:red_off	8	static
../Core/Src/ex2.c:10:6:yellow_on	8	static
../Core/Src/ex2.c:11:6:yellow_off	8	static
../Core/Src/ex2.c:12:6:green_on	8	static
../Core/Src/ex2.c:13:6:green_off	8	static
../Core/Src/ex2.c:15:6:red1_on	8	static
../Core/Src/ex2.c:16:6:red1_off	8	static
../Core/Src/ex2.c:17:6:yellow1_on	8	static
../Core/Src/ex2.c:18:6:yellow1_off	8	static
../Core/Src/ex2.c:19:6:green1_on	8	static
../Core/Src/ex2.c:20:6:green1_off	8	static
../Core/Src/ex2.c:22:6:display_7s2	16	static
../Core/Src/ex2.c:86:6:display_7seg	16	static
../Core/Src/ex2.c:207:6:exercise2_run	8	static
