../Core/Src/ex3.c:8:6:red_on	8	static
../Core/Src/ex3.c:9:6:red_off	8	static
../Core/Src/ex3.c:10:6:yellow_on	8	static
../Core/Src/ex3.c:11:6:yellow_off	8	static
../Core/Src/ex3.c:12:6:green_on	8	static
../Core/Src/ex3.c:13:6:green_off	8	static
../Core/Src/ex3.c:15:6:red2_on	8	static
../Core/Src/ex3.c:16:6:red2_off	8	static
../Core/Src/ex3.c:17:6:yellow2_on	8	static
../Core/Src/ex3.c:18:6:yellow2_off	8	static
../Core/Src/ex3.c:19:6:green2_on	8	static
../Core/Src/ex3.c:20:6:green2_off	8	static
../Core/Src/ex3.c:23:6:exercise3_run	8	static
